<html>
<body>
<pre>
<h1>µVision Build Log</h1>
<h2>Project:</h2>
G:\ROS_Lidar_Slam\ROS_MOTOR_CONTROL\DIFF_MOTOR_CONTROL\USER\motor_control.uvproj
Project File Date:  07/29/2019

<h2>Output:</h2>
Rebuild target 'Target 1'
assembling startup_stm32f10x_md.s...
compiling main.c...
main.c(17): warning:  #177-D: variable "ua_Encoder" was declared but never referenced
        int ua_Encoder,ub_Encoder;
main.c(17): warning:  #177-D: variable "ub_Encoder" was declared but never referenced
        int ua_Encoder,ub_Encoder;
main.c: 2 warnings, 0 errors
compiling delay.c...
compiling sys.c...
compiling usart.c...
compiling LED.C...
compiling key.c...
compiling oled.c...
compiling adc.c...
compiling timer.c...
compiling motor.c...
compiling encoder.c...
compiling usart2.c...
..\HARDWARE\USART2\usart2.c(143): warning:  #68-D: integer conversion resulted in a change of sign
                ret = -1;
..\HARDWARE\USART2\usart2.c(147): warning:  #68-D: integer conversion resulted in a change of sign
                ret = -1;
..\HARDWARE\USART2\usart2.c: 2 warnings, 0 errors
compiling control.c...
..\BALANCE\CONTROL\control.c(95): warning:  #177-D: variable "tmp2" was declared but never referenced
        u8 tmp,tmp2;
..\BALANCE\CONTROL\control.c: 1 warning, 0 errors
compiling show.c...
linking...
Program Size: Code=8128 RO-data=268 RW-data=168 ZI-data=1784  
FromELF: creating hex file...
"..\OBJ\motor_control.axf" - 0 Error(s), 5 Warning(s).
